../Core/Src/main.c:96:5:main	8	static
../Core/Src/main.c:158:6:SystemClock_Config	88	static
../Core/Src/main.c:205:13:MX_USART2_UART_Init	8	static
../Core/Src/main.c:236:13:MX_DMA_Init	16	static
../Core/Src/main.c:257:13:MX_GPIO_Init	48	static
../Core/Src/main.c:318:6:UARTDMAConfig	8	static
../Core/Src/main.c:327:6:HAL_UART_RxCpltCallback	16	static
../Core/Src/main.c:452:6:DummyTask	16	static
../Core/Src/main.c:483:6:ButtonUpdate	8	static
../Core/Src/main.c:494:6:Error_Handler	4	static,ignoring_inline_asm
