../Core/Src/main.c:94:5:main	8	static
../Core/Src/main.c:154:6:SystemClock_Config	88	static
../Core/Src/main.c:201:13:MX_USART2_UART_Init	8	static
../Core/Src/main.c:232:13:MX_DMA_Init	16	static
../Core/Src/main.c:253:13:MX_GPIO_Init	48	static
../Core/Src/main.c:314:6:UARTDMAConfig	8	static
../Core/Src/main.c:323:6:HAL_UART_RxCpltCallback	16	static
../Core/Src/main.c:440:6:DummyTask	16	static
../Core/Src/main.c:472:6:ButtonUpdate	8	static
../Core/Src/main.c:483:6:Error_Handler	4	static,ignoring_inline_asm
